kotlin version: 2.0.21
error message: org.jetbrains.kotlin.backend.common.BackendException: Backend Internal error: Exception during IR lowering
File being compiled: /Users/kavin-18660/AndroidStudioProjects/DynamicUi/app/src/main/java/com/example/dynamicui/ui/components/DynamicLayout.kt
The root cause java.lang.RuntimeException was thrown at: org.jetbrains.kotlin.backend.jvm.codegen.FunctionCodegen.generate(FunctionCodegen.kt:47)
	at org.jetbrains.kotlin.backend.common.CodegenUtil.reportBackendException(CodegenUtil.kt:253)
	at org.jetbrains.kotlin.backend.common.CodegenUtil.reportBackendException$default(CodegenUtil.kt:236)
	at org.jetbrains.kotlin.backend.common.phaser.PerformByIrFilePhase.invokeSequential(performByIrFile.kt:65)
	at org.jetbrains.kotlin.backend.common.phaser.PerformByIrFilePhase.invoke(performByIrFile.kt:52)
	at org.jetbrains.kotlin.backend.common.phaser.PerformByIrFilePhase.invoke(performByIrFile.kt:38)
	at org.jetbrains.kotlin.backend.common.phaser.NamedCompilerPhase.phaseBody(CompilerPhase.kt:166)
	at org.jetbrains.kotlin.backend.common.phaser.AbstractNamedCompilerPhase.invoke(CompilerPhase.kt:113)
	at org.jetbrains.kotlin.backend.common.phaser.CompositePhase.invoke(PhaseBuilders.kt:27)
	at org.jetbrains.kotlin.backend.common.phaser.CompositePhase.invoke(PhaseBuilders.kt:14)
	at org.jetbrains.kotlin.backend.common.phaser.NamedCompilerPhase.phaseBody(CompilerPhase.kt:166)
	at org.jetbrains.kotlin.backend.common.phaser.AbstractNamedCompilerPhase.invoke(CompilerPhase.kt:113)
	at org.jetbrains.kotlin.backend.common.phaser.CompilerPhaseKt.invokeToplevel(CompilerPhase.kt:62)
	at org.jetbrains.kotlin.backend.jvm.JvmIrCodegenFactory.invokeCodegen(JvmIrCodegenFactory.kt:371)
	at org.jetbrains.kotlin.codegen.CodegenFactory.generateModule(CodegenFactory.kt:47)
	at org.jetbrains.kotlin.backend.jvm.JvmIrCodegenFactory.generateModuleInFrontendIRMode(JvmIrCodegenFactory.kt:433)
	at org.jetbrains.kotlin.cli.jvm.compiler.pipeline.JvmCompilerPipelineKt.generateCodeFromIr(jvmCompilerPipeline.kt:246)
	at org.jetbrains.kotlin.cli.jvm.compiler.pipeline.JvmCompilerPipelineKt.compileModulesUsingFrontendIrAndLightTree(jvmCompilerPipeline.kt:142)
	at org.jetbrains.kotlin.cli.jvm.K2JVMCompiler.doExecute(K2JVMCompiler.kt:148)
	at org.jetbrains.kotlin.cli.jvm.K2JVMCompiler.doExecute(K2JVMCompiler.kt:43)
	at org.jetbrains.kotlin.cli.common.CLICompiler.execImpl(CLICompiler.kt:103)
	at org.jetbrains.kotlin.cli.common.CLICompiler.execImpl(CLICompiler.kt:49)
	at org.jetbrains.kotlin.cli.common.CLITool.exec(CLITool.kt:101)
	at org.jetbrains.kotlin.incremental.IncrementalJvmCompilerRunner.runCompiler(IncrementalJvmCompilerRunner.kt:464)
	at org.jetbrains.kotlin.incremental.IncrementalJvmCompilerRunner.runCompiler(IncrementalJvmCompilerRunner.kt:73)
	at org.jetbrains.kotlin.incremental.IncrementalCompilerRunner.doCompile(IncrementalCompilerRunner.kt:506)
	at org.jetbrains.kotlin.incremental.IncrementalCompilerRunner.compileImpl(IncrementalCompilerRunner.kt:423)
	at org.jetbrains.kotlin.incremental.IncrementalCompilerRunner.compileNonIncrementally(IncrementalCompilerRunner.kt:301)
	at org.jetbrains.kotlin.incremental.IncrementalCompilerRunner.compile(IncrementalCompilerRunner.kt:129)
	at org.jetbrains.kotlin.daemon.CompileServiceImplBase.execIncrementalCompiler(CompileServiceImpl.kt:675)
	at org.jetbrains.kotlin.daemon.CompileServiceImplBase.access$execIncrementalCompiler(CompileServiceImpl.kt:92)
	at org.jetbrains.kotlin.daemon.CompileServiceImpl.compile(CompileServiceImpl.kt:1660)
	at java.base/jdk.internal.reflect.DirectMethodHandleAccessor.invoke(Unknown Source)
	at java.base/java.lang.reflect.Method.invoke(Unknown Source)
	at java.rmi/sun.rmi.server.UnicastServerRef.dispatch(Unknown Source)
	at java.rmi/sun.rmi.transport.Transport$1.run(Unknown Source)
	at java.rmi/sun.rmi.transport.Transport$1.run(Unknown Source)
	at java.base/java.security.AccessController.doPrivileged(Unknown Source)
	at java.rmi/sun.rmi.transport.Transport.serviceCall(Unknown Source)
	at java.rmi/sun.rmi.transport.tcp.TCPTransport.handleMessages(Unknown Source)
	at java.rmi/sun.rmi.transport.tcp.TCPTransport$ConnectionHandler.run0(Unknown Source)
	at java.rmi/sun.rmi.transport.tcp.TCPTransport$ConnectionHandler.lambda$run$0(Unknown Source)
	at java.base/java.security.AccessController.doPrivileged(Unknown Source)
	at java.rmi/sun.rmi.transport.tcp.TCPTransport$ConnectionHandler.run(Unknown Source)
	at java.base/java.util.concurrent.ThreadPoolExecutor.runWorker(Unknown Source)
	at java.base/java.util.concurrent.ThreadPoolExecutor$Worker.run(Unknown Source)
	at java.base/java.lang.Thread.run(Unknown Source)
Caused by: java.lang.RuntimeException: Exception while generating code for:
FUN name:DynamicLayout visibility:public modality:FINAL <> (layout:com.example.dynamicui.domain.model.Layout, renderComponent:@[Composable] kotlin.Function1<@[ParameterName(name = "component")] com.example.dynamicui.domain.model.Component, kotlin.Unit>) returnType:kotlin.Unit
  annotations:
    Composable
  VALUE_PARAMETER name:layout index:0 type:com.example.dynamicui.domain.model.Layout
  VALUE_PARAMETER name:renderComponent index:1 type:@[Composable] kotlin.Function1<@[ParameterName(name = "component")] com.example.dynamicui.domain.model.Component, kotlin.Unit>
  BLOCK_BODY
    VAR name:columns type:kotlin.Int [val]
      CALL 'public final fun <get-number_of_columns> (): kotlin.Int declared in com.example.dynamicui.domain.model.Layout' type=kotlin.Int origin=GET_PROPERTY
        $this: GET_VAR 'layout: com.example.dynamicui.domain.model.Layout declared in com.example.dynamicui.ui.components.DynamicLayoutKt.DynamicLayout' type=com.example.dynamicui.domain.model.Layout origin=null
    VAR name:columnWeights type:kotlin.collections.List<kotlin.Float> [val]
      CALL 'public final fun map <T, R> (transform: kotlin.Function1<T of kotlin.collections.CollectionsKt.map, R of kotlin.collections.CollectionsKt.map>): kotlin.collections.List<R of kotlin.collections.CollectionsKt.map> [inline] declared in kotlin.collections.CollectionsKt' type=kotlin.collections.List<kotlin.Float> origin=null
        <T>: kotlin.String
        <R>: kotlin.Float
        $receiver: CALL 'public final fun <get-column_definitions> (): kotlin.collections.List<kotlin.String> declared in com.example.dynamicui.domain.model.Layout' type=kotlin.collections.List<kotlin.String> origin=GET_PROPERTY
          $this: GET_VAR 'layout: com.example.dynamicui.domain.model.Layout declared in com.example.dynamicui.ui.components.DynamicLayoutKt.DynamicLayout' type=com.example.dynamicui.domain.model.Layout origin=null
        transform: BLOCK type=kotlin.Function1<kotlin.String, kotlin.Float> origin=LAMBDA
          COMPOSITE type=kotlin.Unit origin=null
          FUNCTION_REFERENCE 'private final fun DynamicLayout$lambda$0 (it: kotlin.String): kotlin.Float declared in com.example.dynamicui.ui.components.DynamicLayoutKt' type=kotlin.Function1<kotlin.String, kotlin.Float> origin=INLINE_LAMBDA reflectionTarget=null
    VAR name:grouped type:kotlin.collections.List<kotlin.collections.List<com.example.dynamicui.domain.model.Component>> [val]
      CALL 'public final fun chunked <T> (size: kotlin.Int): kotlin.collections.List<kotlin.collections.List<T of kotlin.collections.CollectionsKt.chunked>> declared in kotlin.collections.CollectionsKt' type=kotlin.collections.List<kotlin.collections.List<com.example.dynamicui.domain.model.Component>> origin=null
        <T>: com.example.dynamicui.domain.model.Component
        $receiver: CALL 'public final fun <get-components> (): kotlin.collections.List<com.example.dynamicui.domain.model.Component> declared in com.example.dynamicui.domain.model.Layout' type=kotlin.collections.List<com.example.dynamicui.domain.model.Component> origin=GET_PROPERTY
          $this: GET_VAR 'layout: com.example.dynamicui.domain.model.Layout declared in com.example.dynamicui.ui.components.DynamicLayoutKt.DynamicLayout' type=com.example.dynamicui.domain.model.Layout origin=null
        size: GET_VAR 'val columns: kotlin.Int [val] declared in com.example.dynamicui.ui.components.DynamicLayoutKt.DynamicLayout' type=kotlin.Int origin=null
    CALL 'public final fun Column$default (modifier: androidx.compose.ui.Modifier?, verticalArrangement: androidx.compose.foundation.layout.Arrangement.Vertical?, horizontalAlignment: androidx.compose.ui.Alignment.Horizontal?, content: @[Composable] @[ExtensionFunctionType] kotlin.Function1<androidx.compose.foundation.layout.ColumnScope, kotlin.Unit>, $mask0: kotlin.Int, $handler: kotlin.Any?): kotlin.Unit [inline] declared in androidx.compose.foundation.layout.ColumnKt' type=kotlin.Unit origin=DEFAULT_DISPATCH_CALL
      modifier: CALL 'public final fun padding-3ABfNKs (all: androidx.compose.ui.unit.Dp): androidx.compose.ui.Modifier declared in androidx.compose.foundation.layout.PaddingKt' type=androidx.compose.ui.Modifier origin=null
        $receiver: CALL 'public final fun fillMaxSize$default (fraction: kotlin.Float, $mask0: kotlin.Int, $handler: kotlin.Any?): androidx.compose.ui.Modifier declared in androidx.compose.foundation.layout.SizeKt' type=androidx.compose.ui.Modifier origin=DEFAULT_DISPATCH_CALL
          $receiver: GET_FIELD 'FIELD FIELD_FOR_OBJECT_INSTANCE name:Companion type:androidx.compose.ui.Modifier.Companion visibility:public [final,static] declared in androidx.compose.ui.Modifier' type=androidx.compose.ui.Modifier.Companion origin=null
          fraction: COMPOSITE type=kotlin.Float origin=DEFAULT_VALUE
            CONST Float type=kotlin.Float value=0.0
          $mask0: CONST Int type=kotlin.Int value=1
          $handler: CONST Null type=kotlin.Any? value=null
        all: CALL 'public final fun <get-dp> (): androidx.compose.ui.unit.Dp [inline] declared in androidx.compose.ui.unit.DpKt' type=androidx.compose.ui.unit.Dp origin=GET_PROPERTY
          $receiver: CONST Int type=kotlin.Int value=8
      verticalArrangement: COMPOSITE type=androidx.compose.foundation.layout.Arrangement.Vertical? origin=DEFAULT_VALUE
        CONST Null type=androidx.compose.foundation.layout.Arrangement.Vertical? value=null
      horizontalAlignment: COMPOSITE type=androidx.compose.ui.Alignment.Horizontal? origin=DEFAULT_VALUE
        CONST Null type=androidx.compose.ui.Alignment.Horizontal? value=null
      content: BLOCK type=@[ExtensionFunctionType] kotlin.Function1<androidx.compose.foundation.layout.ColumnScope, kotlin.Unit> origin=LAMBDA
        COMPOSITE type=kotlin.Unit origin=null
        FUNCTION_REFERENCE 'private final fun DynamicLayout$lambda$6 ($grouped: kotlin.collections.List<kotlin.collections.List<com.example.dynamicui.domain.model.Component>>, $columnWeights: kotlin.collections.List<kotlin.Float>, $renderComponent: @[Composable] kotlin.Function1<@[ParameterName(name = "component")] com.example.dynamicui.domain.model.Component, kotlin.Unit>): kotlin.Unit declared in com.example.dynamicui.ui.components.DynamicLayoutKt' type=@[ExtensionFunctionType] kotlin.Function1<androidx.compose.foundation.layout.ColumnScope, kotlin.Unit> origin=INLINE_LAMBDA reflectionTarget=null
          $grouped: GET_VAR 'val grouped: kotlin.collections.List<kotlin.collections.List<com.example.dynamicui.domain.model.Component>> [val] declared in com.example.dynamicui.ui.components.DynamicLayoutKt.DynamicLayout' type=kotlin.collections.List<kotlin.collections.List<com.example.dynamicui.domain.model.Component>> origin=null
          $columnWeights: GET_VAR 'val columnWeights: kotlin.collections.List<kotlin.Float> [val] declared in com.example.dynamicui.ui.components.DynamicLayoutKt.DynamicLayout' type=kotlin.collections.List<kotlin.Float> origin=null
          $renderComponent: GET_VAR 'renderComponent: @[Composable] kotlin.Function1<@[ParameterName(name = "component")] com.example.dynamicui.domain.model.Component, kotlin.Unit> declared in com.example.dynamicui.ui.components.DynamicLayoutKt.DynamicLayout' type=@[Composable] kotlin.Function1<@[ParameterName(name = "component")] com.example.dynamicui.domain.model.Component, kotlin.Unit> origin=null
      $mask0: CONST Int type=kotlin.Int value=6
      $handler: CONST Null type=kotlin.Any? value=null

	at org.jetbrains.kotlin.backend.jvm.codegen.FunctionCodegen.generate(FunctionCodegen.kt:47)
	at org.jetbrains.kotlin.backend.jvm.codegen.FunctionCodegen.generate$default(FunctionCodegen.kt:40)
	at org.jetbrains.kotlin.backend.jvm.codegen.ClassCodegen.generateMethodNode(ClassCodegen.kt:406)
	at org.jetbrains.kotlin.backend.jvm.codegen.ClassCodegen.generateMethod(ClassCodegen.kt:423)
	at org.jetbrains.kotlin.backend.jvm.codegen.ClassCodegen.generate(ClassCodegen.kt:168)
	at org.jetbrains.kotlin.backend.jvm.FileCodegen.lower(JvmPhases.kt:39)
	at org.jetbrains.kotlin.backend.common.phaser.PhaseFactoriesKt.createFilePhase$lambda$4(PhaseFactories.kt:71)
	at org.jetbrains.kotlin.backend.common.phaser.PhaseBuildersKt$createSimpleNamedCompilerPhase$1.phaseBody(PhaseBuilders.kt:69)
	at org.jetbrains.kotlin.backend.common.phaser.SimpleNamedCompilerPhase.phaseBody(CompilerPhase.kt:226)
	at org.jetbrains.kotlin.backend.common.phaser.AbstractNamedCompilerPhase.invoke(CompilerPhase.kt:113)
	at org.jetbrains.kotlin.backend.common.phaser.PerformByIrFilePhase.invokeSequential(performByIrFile.kt:62)
	... 43 more
Caused by: java.lang.RuntimeException: Exception while generating code for:
FUN INLINE_LAMBDA name:DynamicLayout$lambda$6 visibility:private modality:FINAL <> ($receiver:androidx.compose.foundation.layout.ColumnScope, $grouped:kotlin.collections.List<kotlin.collections.List<com.example.dynamicui.domain.model.Component>>, $columnWeights:kotlin.collections.List<kotlin.Float>, $renderComponent:@[Composable] kotlin.Function1<@[ParameterName(name = "component")] com.example.dynamicui.domain.model.Component, kotlin.Unit>) returnType:kotlin.Unit
  $receiver: VALUE_PARAMETER name:$this$Column type:androidx.compose.foundation.layout.ColumnScope
  VALUE_PARAMETER BOUND_VALUE_PARAMETER name:$grouped index:0 type:kotlin.collections.List<kotlin.collections.List<com.example.dynamicui.domain.model.Component>>
  VALUE_PARAMETER BOUND_VALUE_PARAMETER name:$columnWeights index:1 type:kotlin.collections.List<kotlin.Float>
  VALUE_PARAMETER BOUND_VALUE_PARAMETER name:$renderComponent index:2 type:@[Composable] kotlin.Function1<@[ParameterName(name = "component")] com.example.dynamicui.domain.model.Component, kotlin.Unit>
  BLOCK_BODY
    VAR name:$i$a$-Column$default-DynamicLayoutKt$DynamicLayout$1 type:kotlin.Int [val]
      CONST Int type=kotlin.Int value=0
    CALL 'public final fun forEach <T> (action: kotlin.Function1<T of kotlin.collections.CollectionsKt.forEach, kotlin.Unit>): kotlin.Unit [inline] declared in kotlin.collections.CollectionsKt' type=kotlin.Unit origin=null
      <T>: kotlin.collections.List<com.example.dynamicui.domain.model.Component>
      $receiver: GET_VAR '$grouped: kotlin.collections.List<kotlin.collections.List<com.example.dynamicui.domain.model.Component>> declared in com.example.dynamicui.ui.components.DynamicLayoutKt.DynamicLayout$lambda$6' type=kotlin.collections.List<kotlin.collections.List<com.example.dynamicui.domain.model.Component>> origin=null
      action: BLOCK type=kotlin.Function1<kotlin.collections.List<com.example.dynamicui.domain.model.Component>, kotlin.Unit> origin=LAMBDA
        COMPOSITE type=kotlin.Unit origin=null
        FUNCTION_REFERENCE 'private final fun DynamicLayout$lambda$6$lambda$5 ($columnWeights: kotlin.collections.List<kotlin.Float>, $renderComponent: @[Composable] kotlin.Function1<@[ParameterName(name = "component")] com.example.dynamicui.domain.model.Component, kotlin.Unit>, rowComponents: kotlin.collections.List<com.example.dynamicui.domain.model.Component>): kotlin.Unit declared in com.example.dynamicui.ui.components.DynamicLayoutKt' type=kotlin.Function1<kotlin.collections.List<com.example.dynamicui.domain.model.Component>, kotlin.Unit> origin=INLINE_LAMBDA reflectionTarget=null
          $columnWeights: GET_VAR '$columnWeights: kotlin.collections.List<kotlin.Float> declared in com.example.dynamicui.ui.components.DynamicLayoutKt.DynamicLayout$lambda$6' type=kotlin.collections.List<kotlin.Float> origin=null
          $renderComponent: GET_VAR '$renderComponent: @[Composable] kotlin.Function1<@[ParameterName(name = "component")] com.example.dynamicui.domain.model.Component, kotlin.Unit> declared in com.example.dynamicui.ui.components.DynamicLayoutKt.DynamicLayout$lambda$6' type=@[Composable] kotlin.Function1<@[ParameterName(name = "component")] com.example.dynamicui.domain.model.Component, kotlin.Unit> origin=null

	at org.jetbrains.kotlin.backend.jvm.codegen.FunctionCodegen.generate(FunctionCodegen.kt:47)
	at org.jetbrains.kotlin.backend.jvm.codegen.IrSourceCompilerForInline.generateLambdaBody(IrSourceCompilerForInline.kt:67)
	at org.jetbrains.kotlin.codegen.inline.ExpressionLambda.generateLambdaBody(LambdaInfo.kt:72)
	at org.jetbrains.kotlin.backend.jvm.codegen.IrInlineCodegen.genValueAndPut(IrInlineCodegen.kt:100)
	at org.jetbrains.kotlin.backend.jvm.codegen.ExpressionCodegen.visitCall$handleParameter(ExpressionCodegen.kt:616)
	at org.jetbrains.kotlin.backend.jvm.codegen.ExpressionCodegen.visitCall(ExpressionCodegen.kt:644)
	at org.jetbrains.kotlin.backend.jvm.codegen.ExpressionCodegen.visitCall(ExpressionCodegen.kt:138)
	at org.jetbrains.kotlin.ir.expressions.IrCall.accept(IrCall.kt:24)
	at org.jetbrains.kotlin.backend.jvm.codegen.ExpressionCodegen.visitStatementContainer(ExpressionCodegen.kt:579)
	at org.jetbrains.kotlin.backend.jvm.codegen.ExpressionCodegen.visitBlockBody(ExpressionCodegen.kt:584)
	at org.jetbrains.kotlin.backend.jvm.codegen.ExpressionCodegen.visitBlockBody(ExpressionCodegen.kt:138)
	at org.jetbrains.kotlin.ir.expressions.IrBlockBody.accept(IrBlockBody.kt:20)
	at org.jetbrains.kotlin.backend.jvm.codegen.ExpressionCodegen.generate(ExpressionCodegen.kt:240)
	at org.jetbrains.kotlin.backend.jvm.codegen.FunctionCodegen.doGenerate(FunctionCodegen.kt:123)
	at org.jetbrains.kotlin.backend.jvm.codegen.FunctionCodegen.generate(FunctionCodegen.kt:44)
	... 53 more
Caused by: java.lang.RuntimeException: Exception while generating code for:
FUN INLINE_LAMBDA name:DynamicLayout$lambda$6$lambda$5 visibility:private modality:FINAL <> ($columnWeights:kotlin.collections.List<kotlin.Float>, $renderComponent:@[Composable] kotlin.Function1<@[ParameterName(name = "component")] com.example.dynamicui.domain.model.Component, kotlin.Unit>, rowComponents:kotlin.collections.List<com.example.dynamicui.domain.model.Component>) returnType:kotlin.Unit
  VALUE_PARAMETER BOUND_VALUE_PARAMETER name:$columnWeights index:0 type:kotlin.collections.List<kotlin.Float>
  VALUE_PARAMETER BOUND_VALUE_PARAMETER name:$renderComponent index:1 type:@[Composable] kotlin.Function1<@[ParameterName(name = "component")] com.example.dynamicui.domain.model.Component, kotlin.Unit>
  VALUE_PARAMETER name:rowComponents index:2 type:kotlin.collections.List<com.example.dynamicui.domain.model.Component>
  BLOCK_BODY
    VAR name:$i$a$-forEach-DynamicLayoutKt$DynamicLayout$1$1 type:kotlin.Int [val]
      CONST Int type=kotlin.Int value=0
    CALL 'public final fun Row$default (modifier: androidx.compose.ui.Modifier?, horizontalArrangement: androidx.compose.foundation.layout.Arrangement.Horizontal?, verticalAlignment: androidx.compose.ui.Alignment.Vertical?, content: @[Composable] @[ExtensionFunctionType] kotlin.Function1<androidx.compose.foundation.layout.RowScope, kotlin.Unit>, $mask0: kotlin.Int, $handler: kotlin.Any?): kotlin.Unit [inline] declared in androidx.compose.foundation.layout.RowKt' type=kotlin.Unit origin=DEFAULT_DISPATCH_CALL
      modifier: CALL 'public final fun fillMaxWidth$default (fraction: kotlin.Float, $mask0: kotlin.Int, $handler: kotlin.Any?): androidx.compose.ui.Modifier declared in androidx.compose.foundation.layout.SizeKt' type=androidx.compose.ui.Modifier origin=DEFAULT_DISPATCH_CALL
        $receiver: GET_FIELD 'FIELD FIELD_FOR_OBJECT_INSTANCE name:Companion type:androidx.compose.ui.Modifier.Companion visibility:public [final,static] declared in androidx.compose.ui.Modifier' type=androidx.compose.ui.Modifier.Companion origin=null
        fraction: COMPOSITE type=kotlin.Float origin=DEFAULT_VALUE
          CONST Float type=kotlin.Float value=0.0
        $mask0: CONST Int type=kotlin.Int value=1
        $handler: CONST Null type=kotlin.Any? value=null
      horizontalArrangement: COMPOSITE type=androidx.compose.foundation.layout.Arrangement.Horizontal? origin=DEFAULT_VALUE
        CONST Null type=androidx.compose.foundation.layout.Arrangement.Horizontal? value=null
      verticalAlignment: COMPOSITE type=androidx.compose.ui.Alignment.Vertical? origin=DEFAULT_VALUE
        CONST Null type=androidx.compose.ui.Alignment.Vertical? value=null
      content: BLOCK type=@[ExtensionFunctionType] kotlin.Function1<androidx.compose.foundation.layout.RowScope, kotlin.Unit> origin=LAMBDA
        COMPOSITE type=kotlin.Unit origin=null
        FUNCTION_REFERENCE 'private final fun DynamicLayout$lambda$6$lambda$5$lambda$4 ($rowComponents: kotlin.collections.List<com.example.dynamicui.domain.model.Component>, $columnWeights: kotlin.collections.List<kotlin.Float>, $renderComponent: @[Composable] kotlin.Function1<@[ParameterName(name = "component")] com.example.dynamicui.domain.model.Component, kotlin.Unit>): kotlin.Unit declared in com.example.dynamicui.ui.components.DynamicLayoutKt' type=@[ExtensionFunctionType] kotlin.Function1<androidx.compose.foundation.layout.RowScope, kotlin.Unit> origin=INLINE_LAMBDA reflectionTarget=null
          $rowComponents: GET_VAR 'rowComponents: kotlin.collections.List<com.example.dynamicui.domain.model.Component> declared in com.example.dynamicui.ui.components.DynamicLayoutKt.DynamicLayout$lambda$6$lambda$5' type=kotlin.collections.List<com.example.dynamicui.domain.model.Component> origin=null
          $columnWeights: GET_VAR '$columnWeights: kotlin.collections.List<kotlin.Float> declared in com.example.dynamicui.ui.components.DynamicLayoutKt.DynamicLayout$lambda$6$lambda$5' type=kotlin.collections.List<kotlin.Float> origin=null
          $renderComponent: GET_VAR '$renderComponent: @[Composable] kotlin.Function1<@[ParameterName(name = "component")] com.example.dynamicui.domain.model.Component, kotlin.Unit> declared in com.example.dynamicui.ui.components.DynamicLayoutKt.DynamicLayout$lambda$6$lambda$5' type=@[Composable] kotlin.Function1<@[ParameterName(name = "component")] com.example.dynamicui.domain.model.Component, kotlin.Unit> origin=null
      $mask0: CONST Int type=kotlin.Int value=6
      $handler: CONST Null type=kotlin.Any? value=null

	at org.jetbrains.kotlin.backend.jvm.codegen.FunctionCodegen.generate(FunctionCodegen.kt:47)
	at org.jetbrains.kotlin.backend.jvm.codegen.IrSourceCompilerForInline.generateLambdaBody(IrSourceCompilerForInline.kt:67)
	at org.jetbrains.kotlin.codegen.inline.ExpressionLambda.generateLambdaBody(LambdaInfo.kt:72)
	at org.jetbrains.kotlin.backend.jvm.codegen.IrInlineCodegen.genValueAndPut(IrInlineCodegen.kt:100)
	at org.jetbrains.kotlin.backend.jvm.codegen.ExpressionCodegen.visitCall$handleParameter(ExpressionCodegen.kt:616)
	at org.jetbrains.kotlin.backend.jvm.codegen.ExpressionCodegen.visitCall(ExpressionCodegen.kt:644)
	at org.jetbrains.kotlin.backend.jvm.codegen.ExpressionCodegen.visitCall(ExpressionCodegen.kt:138)
	at org.jetbrains.kotlin.ir.expressions.IrCall.accept(IrCall.kt:24)
	at org.jetbrains.kotlin.backend.jvm.codegen.ExpressionCodegen.visitStatementContainer(ExpressionCodegen.kt:579)
	at org.jetbrains.kotlin.backend.jvm.codegen.ExpressionCodegen.visitBlockBody(ExpressionCodegen.kt:584)
	at org.jetbrains.kotlin.backend.jvm.codegen.ExpressionCodegen.visitBlockBody(ExpressionCodegen.kt:138)
	at org.jetbrains.kotlin.ir.expressions.IrBlockBody.accept(IrBlockBody.kt:20)
	at org.jetbrains.kotlin.backend.jvm.codegen.ExpressionCodegen.generate(ExpressionCodegen.kt:240)
	at org.jetbrains.kotlin.backend.jvm.codegen.FunctionCodegen.doGenerate(FunctionCodegen.kt:123)
	at org.jetbrains.kotlin.backend.jvm.codegen.FunctionCodegen.generate(FunctionCodegen.kt:44)
	... 67 more
Caused by: java.lang.RuntimeException: Exception while generating code for:
FUN INLINE_LAMBDA name:DynamicLayout$lambda$6$lambda$5$lambda$4 visibility:private modality:FINAL <> ($receiver:androidx.compose.foundation.layout.RowScope, $rowComponents:kotlin.collections.List<com.example.dynamicui.domain.model.Component>, $columnWeights:kotlin.collections.List<kotlin.Float>, $renderComponent:@[Composable] kotlin.Function1<@[ParameterName(name = "component")] com.example.dynamicui.domain.model.Component, kotlin.Unit>) returnType:kotlin.Unit
  $receiver: VALUE_PARAMETER name:$this$Row type:androidx.compose.foundation.layout.RowScope
  VALUE_PARAMETER BOUND_VALUE_PARAMETER name:$rowComponents index:0 type:kotlin.collections.List<com.example.dynamicui.domain.model.Component>
  VALUE_PARAMETER BOUND_VALUE_PARAMETER name:$columnWeights index:1 type:kotlin.collections.List<kotlin.Float>
  VALUE_PARAMETER BOUND_VALUE_PARAMETER name:$renderComponent index:2 type:@[Composable] kotlin.Function1<@[ParameterName(name = "component")] com.example.dynamicui.domain.model.Component, kotlin.Unit>
  BLOCK_BODY
    VAR name:$i$a$-Row$default-DynamicLayoutKt$DynamicLayout$1$1$1 type:kotlin.Int [val]
      CONST Int type=kotlin.Int value=0
    CALL 'public final fun forEachIndexed <T> (action: kotlin.Function2<@[ParameterName(name = "index")] kotlin.Int, T of kotlin.collections.CollectionsKt.forEachIndexed, kotlin.Unit>): kotlin.Unit [inline] declared in kotlin.collections.CollectionsKt' type=kotlin.Unit origin=null
      <T>: com.example.dynamicui.domain.model.Component
      $receiver: GET_VAR '$rowComponents: kotlin.collections.List<com.example.dynamicui.domain.model.Component> declared in com.example.dynamicui.ui.components.DynamicLayoutKt.DynamicLayout$lambda$6$lambda$5$lambda$4' type=kotlin.collections.List<com.example.dynamicui.domain.model.Component> origin=null
      action: BLOCK type=kotlin.Function2<kotlin.Int, com.example.dynamicui.domain.model.Component, kotlin.Unit> origin=LAMBDA
        COMPOSITE type=kotlin.Unit origin=null
        FUNCTION_REFERENCE 'private final fun DynamicLayout$lambda$6$lambda$5$lambda$4$lambda$3 ($this_Row: androidx.compose.foundation.layout.RowScope, $columnWeights: kotlin.collections.List<kotlin.Float>, $renderComponent: @[Composable] kotlin.Function1<@[ParameterName(name = "component")] com.example.dynamicui.domain.model.Component, kotlin.Unit>, idx: kotlin.Int, component: com.example.dynamicui.domain.model.Component): kotlin.Unit declared in com.example.dynamicui.ui.components.DynamicLayoutKt' type=kotlin.Function2<kotlin.Int, com.example.dynamicui.domain.model.Component, kotlin.Unit> origin=INLINE_LAMBDA reflectionTarget=null
          $this_Row: GET_VAR '$this$Row: androidx.compose.foundation.layout.RowScope declared in com.example.dynamicui.ui.components.DynamicLayoutKt.DynamicLayout$lambda$6$lambda$5$lambda$4' type=androidx.compose.foundation.layout.RowScope origin=null
          $columnWeights: GET_VAR '$columnWeights: kotlin.collections.List<kotlin.Float> declared in com.example.dynamicui.ui.components.DynamicLayoutKt.DynamicLayout$lambda$6$lambda$5$lambda$4' type=kotlin.collections.List<kotlin.Float> origin=null
          $renderComponent: GET_VAR '$renderComponent: @[Composable] kotlin.Function1<@[ParameterName(name = "component")] com.example.dynamicui.domain.model.Component, kotlin.Unit> declared in com.example.dynamicui.ui.components.DynamicLayoutKt.DynamicLayout$lambda$6$lambda$5$lambda$4' type=@[Composable] kotlin.Function1<@[ParameterName(name = "component")] com.example.dynamicui.domain.model.Component, kotlin.Unit> origin=null

	at org.jetbrains.kotlin.backend.jvm.codegen.FunctionCodegen.generate(FunctionCodegen.kt:47)
	at org.jetbrains.kotlin.backend.jvm.codegen.IrSourceCompilerForInline.generateLambdaBody(IrSourceCompilerForInline.kt:67)
	at org.jetbrains.kotlin.codegen.inline.ExpressionLambda.generateLambdaBody(LambdaInfo.kt:72)
	at org.jetbrains.kotlin.backend.jvm.codegen.IrInlineCodegen.genValueAndPut(IrInlineCodegen.kt:100)
	at org.jetbrains.kotlin.backend.jvm.codegen.ExpressionCodegen.visitCall$handleParameter(ExpressionCodegen.kt:616)
	at org.jetbrains.kotlin.backend.jvm.codegen.ExpressionCodegen.visitCall(ExpressionCodegen.kt:644)
	at org.jetbrains.kotlin.backend.jvm.codegen.ExpressionCodegen.visitCall(ExpressionCodegen.kt:138)
	at org.jetbrains.kotlin.ir.expressions.IrCall.accept(IrCall.kt:24)
	at org.jetbrains.kotlin.backend.jvm.codegen.ExpressionCodegen.visitStatementContainer(ExpressionCodegen.kt:579)
	at org.jetbrains.kotlin.backend.jvm.codegen.ExpressionCodegen.visitBlockBody(ExpressionCodegen.kt:584)
	at org.jetbrains.kotlin.backend.jvm.codegen.ExpressionCodegen.visitBlockBody(ExpressionCodegen.kt:138)
	at org.jetbrains.kotlin.ir.expressions.IrBlockBody.accept(IrBlockBody.kt:20)
	at org.jetbrains.kotlin.backend.jvm.codegen.ExpressionCodegen.generate(ExpressionCodegen.kt:240)
	at org.jetbrains.kotlin.backend.jvm.codegen.FunctionCodegen.doGenerate(FunctionCodegen.kt:123)
	at org.jetbrains.kotlin.backend.jvm.codegen.FunctionCodegen.generate(FunctionCodegen.kt:44)
	... 81 more
Caused by: java.lang.RuntimeException: Exception while generating code for:
FUN INLINE_LAMBDA name:DynamicLayout$lambda$6$lambda$5$lambda$4$lambda$3 visibility:private modality:FINAL <> ($this_Row:androidx.compose.foundation.layout.RowScope, $columnWeights:kotlin.collections.List<kotlin.Float>, $renderComponent:@[Composable] kotlin.Function1<@[ParameterName(name = "component")] com.example.dynamicui.domain.model.Component, kotlin.Unit>, idx:kotlin.Int, component:com.example.dynamicui.domain.model.Component) returnType:kotlin.Unit
  VALUE_PARAMETER BOUND_VALUE_PARAMETER name:$this_Row index:0 type:androidx.compose.foundation.layout.RowScope
  VALUE_PARAMETER BOUND_VALUE_PARAMETER name:$columnWeights index:1 type:kotlin.collections.List<kotlin.Float>
  VALUE_PARAMETER BOUND_VALUE_PARAMETER name:$renderComponent index:2 type:@[Composable] kotlin.Function1<@[ParameterName(name = "component")] com.example.dynamicui.domain.model.Component, kotlin.Unit>
  VALUE_PARAMETER name:idx index:3 type:kotlin.Int
  VALUE_PARAMETER name:component index:4 type:com.example.dynamicui.domain.model.Component
  BLOCK_BODY
    VAR name:$i$a$-forEachIndexed-DynamicLayoutKt$DynamicLayout$1$1$1$1 type:kotlin.Int [val]
      CONST Int type=kotlin.Int value=0
    CALL 'public final fun Box$default (modifier: androidx.compose.ui.Modifier?, contentAlignment: androidx.compose.ui.Alignment?, propagateMinConstraints: kotlin.Boolean, content: @[Composable] @[ExtensionFunctionType] kotlin.Function1<androidx.compose.foundation.layout.BoxScope, kotlin.Unit>, $mask0: kotlin.Int, $handler: kotlin.Any?): kotlin.Unit [inline] declared in androidx.compose.foundation.layout.BoxKt' type=kotlin.Unit origin=DEFAULT_DISPATCH_CALL
      modifier: CALL 'public final fun padding-3ABfNKs (all: androidx.compose.ui.unit.Dp): androidx.compose.ui.Modifier declared in androidx.compose.foundation.layout.PaddingKt' type=androidx.compose.ui.Modifier origin=null
        $receiver: CALL 'public final fun weight$default ($this: androidx.compose.foundation.layout.RowScope, $receiver: androidx.compose.ui.Modifier, weight: kotlin.Float, fill: kotlin.Boolean, $mask0: kotlin.Int, $handler: kotlin.Any?): androidx.compose.ui.Modifier declared in androidx.compose.foundation.layout.RowScope' type=androidx.compose.ui.Modifier origin=DEFAULT_DISPATCH_CALL
          $this: GET_VAR '$this_Row: androidx.compose.foundation.layout.RowScope declared in com.example.dynamicui.ui.components.DynamicLayoutKt.DynamicLayout$lambda$6$lambda$5$lambda$4$lambda$3' type=androidx.compose.foundation.layout.RowScope origin=null
          $receiver: GET_FIELD 'FIELD FIELD_FOR_OBJECT_INSTANCE name:Companion type:androidx.compose.ui.Modifier.Companion visibility:public [final,static] declared in androidx.compose.ui.Modifier' type=androidx.compose.ui.Modifier.Companion origin=null
          weight: CALL 'public final fun getOrElse <T> (index: kotlin.Int, defaultValue: kotlin.Function1<kotlin.Int, T of kotlin.collections.CollectionsKt.getOrElse>): T of kotlin.collections.CollectionsKt.getOrElse [inline] declared in kotlin.collections.CollectionsKt' type=kotlin.Float origin=null
            <T>: kotlin.Float
            $receiver: GET_VAR '$columnWeights: kotlin.collections.List<kotlin.Float> declared in com.example.dynamicui.ui.components.DynamicLayoutKt.DynamicLayout$lambda$6$lambda$5$lambda$4$lambda$3' type=kotlin.collections.List<kotlin.Float> origin=null
            index: GET_VAR 'idx: kotlin.Int declared in com.example.dynamicui.ui.components.DynamicLayoutKt.DynamicLayout$lambda$6$lambda$5$lambda$4$lambda$3' type=kotlin.Int origin=null
            defaultValue: BLOCK type=kotlin.Function1<kotlin.Int, kotlin.Float> origin=LAMBDA
              COMPOSITE type=kotlin.Unit origin=null
              FUNCTION_REFERENCE 'private final fun DynamicLayout$lambda$6$lambda$5$lambda$4$lambda$3$lambda$1 (it: kotlin.Int): kotlin.Float declared in com.example.dynamicui.ui.components.DynamicLayoutKt' type=kotlin.Function1<kotlin.Int, kotlin.Float> origin=INLINE_LAMBDA reflectionTarget=null
          fill: COMPOSITE type=kotlin.Boolean origin=DEFAULT_VALUE
            CONST Boolean type=kotlin.Boolean value=false
          $mask0: CONST Int type=kotlin.Int value=2
          $handler: CONST Null type=kotlin.Any? value=null
        all: CALL 'public final fun <get-dp> (): androidx.compose.ui.unit.Dp [inline] declared in androidx.compose.ui.unit.DpKt' type=androidx.compose.ui.unit.Dp origin=GET_PROPERTY
          $receiver: CONST Int type=kotlin.Int value=4
      contentAlignment: COMPOSITE type=androidx.compose.ui.Alignment? origin=DEFAULT_VALUE
        CONST Null type=androidx.compose.ui.Alignment? value=null
      propagateMinConstraints: COMPOSITE type=kotlin.Boolean origin=DEFAULT_VALUE
        CONST Boolean type=kotlin.Boolean value=false
      content: BLOCK type=@[ExtensionFunctionType] kotlin.Function1<androidx.compose.foundation.layout.BoxScope, kotlin.Unit> origin=LAMBDA
        COMPOSITE type=kotlin.Unit origin=null
        FUNCTION_REFERENCE 'private final fun DynamicLayout$lambda$6$lambda$5$lambda$4$lambda$3$lambda$2 ($renderComponent: @[Composable] kotlin.Function1<@[ParameterName(name = "component")] com.example.dynamicui.domain.model.Component, kotlin.Unit>, $component: com.example.dynamicui.domain.model.Component): kotlin.Unit declared in com.example.dynamicui.ui.components.DynamicLayoutKt' type=@[ExtensionFunctionType] kotlin.Function1<androidx.compose.foundation.layout.BoxScope, kotlin.Unit> origin=INLINE_LAMBDA reflectionTarget=null
          $renderComponent: GET_VAR '$renderComponent: @[Composable] kotlin.Function1<@[ParameterName(name = "component")] com.example.dynamicui.domain.model.Component, kotlin.Unit> declared in com.example.dynamicui.ui.components.DynamicLayoutKt.DynamicLayout$lambda$6$lambda$5$lambda$4$lambda$3' type=@[Composable] kotlin.Function1<@[ParameterName(name = "component")] com.example.dynamicui.domain.model.Component, kotlin.Unit> origin=null
          $component: GET_VAR 'component: com.example.dynamicui.domain.model.Component declared in com.example.dynamicui.ui.components.DynamicLayoutKt.DynamicLayout$lambda$6$lambda$5$lambda$4$lambda$3' type=com.example.dynamicui.domain.model.Component origin=null
      $mask0: CONST Int type=kotlin.Int value=6
      $handler: CONST Null type=kotlin.Any? value=null

	at org.jetbrains.kotlin.backend.jvm.codegen.FunctionCodegen.generate(FunctionCodegen.kt:47)
	at org.jetbrains.kotlin.backend.jvm.codegen.IrSourceCompilerForInline.generateLambdaBody(IrSourceCompilerForInline.kt:67)
	at org.jetbrains.kotlin.codegen.inline.ExpressionLambda.generateLambdaBody(LambdaInfo.kt:72)
	at org.jetbrains.kotlin.backend.jvm.codegen.IrInlineCodegen.genValueAndPut(IrInlineCodegen.kt:100)
	at org.jetbrains.kotlin.backend.jvm.codegen.ExpressionCodegen.visitCall$handleParameter(ExpressionCodegen.kt:616)
	at org.jetbrains.kotlin.backend.jvm.codegen.ExpressionCodegen.visitCall(ExpressionCodegen.kt:644)
	at org.jetbrains.kotlin.backend.jvm.codegen.ExpressionCodegen.visitCall(ExpressionCodegen.kt:138)
	at org.jetbrains.kotlin.ir.expressions.IrCall.accept(IrCall.kt:24)
	at org.jetbrains.kotlin.backend.jvm.codegen.ExpressionCodegen.visitStatementContainer(ExpressionCodegen.kt:579)
	at org.jetbrains.kotlin.backend.jvm.codegen.ExpressionCodegen.visitBlockBody(ExpressionCodegen.kt:584)
	at org.jetbrains.kotlin.backend.jvm.codegen.ExpressionCodegen.visitBlockBody(ExpressionCodegen.kt:138)
	at org.jetbrains.kotlin.ir.expressions.IrBlockBody.accept(IrBlockBody.kt:20)
	at org.jetbrains.kotlin.backend.jvm.codegen.ExpressionCodegen.generate(ExpressionCodegen.kt:240)
	at org.jetbrains.kotlin.backend.jvm.codegen.FunctionCodegen.doGenerate(FunctionCodegen.kt:123)
	at org.jetbrains.kotlin.backend.jvm.codegen.FunctionCodegen.generate(FunctionCodegen.kt:44)
	... 95 more
Caused by: org.jetbrains.kotlin.codegen.CompilationException: Back-end (JVM) Internal error: Couldn't inline method call: CALL 'public final fun Box$default (modifier: androidx.compose.ui.Modifier?, contentAlignment: androidx.compose.ui.Alignment?, propagateMinConstraints: kotlin.Boolean, content: @[Composable] @[ExtensionFunctionType] kotlin.Function1<androidx.compose.foundation.layout.BoxScope, kotlin.Unit>, $mask0: kotlin.Int, $handler: kotlin.Any?): kotlin.Unit [inline] declared in androidx.compose.foundation.layout.BoxKt' type=kotlin.Unit origin=DEFAULT_DISPATCH_CALL
Method: null
File is unknown
The root cause java.lang.IllegalStateException was thrown at: org.jetbrains.kotlin.codegen.inline.SourceCompilerForInlineKt.getMethodNode(SourceCompilerForInline.kt:118)
	at org.jetbrains.kotlin.codegen.inline.InlineCodegen.performInline(InlineCodegen.kt:65)
	at org.jetbrains.kotlin.backend.jvm.codegen.IrInlineCodegen.genInlineCall(IrInlineCodegen.kt:163)
	at org.jetbrains.kotlin.backend.jvm.codegen.IrInlineCallGenerator.genCall(IrInlineCallGenerator.kt:36)
	at org.jetbrains.kotlin.backend.jvm.codegen.ExpressionCodegen.visitCall(ExpressionCodegen.kt:653)
	at org.jetbrains.kotlin.backend.jvm.codegen.ExpressionCodegen.visitCall(ExpressionCodegen.kt:138)
	at org.jetbrains.kotlin.ir.expressions.IrCall.accept(IrCall.kt:24)
	at org.jetbrains.kotlin.backend.jvm.codegen.ExpressionCodegen.visitStatementContainer(ExpressionCodegen.kt:579)
	at org.jetbrains.kotlin.backend.jvm.codegen.ExpressionCodegen.visitBlockBody(ExpressionCodegen.kt:584)
	at org.jetbrains.kotlin.backend.jvm.codegen.ExpressionCodegen.visitBlockBody(ExpressionCodegen.kt:138)
	at org.jetbrains.kotlin.ir.expressions.IrBlockBody.accept(IrBlockBody.kt:20)
	at org.jetbrains.kotlin.backend.jvm.codegen.ExpressionCodegen.generate(ExpressionCodegen.kt:240)
	at org.jetbrains.kotlin.backend.jvm.codegen.FunctionCodegen.doGenerate(FunctionCodegen.kt:123)
	at org.jetbrains.kotlin.backend.jvm.codegen.FunctionCodegen.generate(FunctionCodegen.kt:44)
	... 109 more
Caused by: java.lang.IllegalStateException: couldn't find inline method Landroidx/compose/foundation/layout/BoxKt;.Box$default(Landroidx/compose/ui/Modifier;Landroidx/compose/ui/Alignment;ZLkotlin/jvm/functions/Function1;ILjava/lang/Object;)V
	at org.jetbrains.kotlin.codegen.inline.SourceCompilerForInlineKt.getMethodNode(SourceCompilerForInline.kt:118)
	at org.jetbrains.kotlin.codegen.inline.SourceCompilerForInlineKt.loadCompiledInlineFunction(SourceCompilerForInline.kt:96)
	at org.jetbrains.kotlin.backend.jvm.codegen.IrSourceCompilerForInline.compileInlineFunction(IrSourceCompilerForInline.kt:91)
	at org.jetbrains.kotlin.codegen.inline.InlineCodegen.compileInline(InlineCodegen.kt:43)
	at org.jetbrains.kotlin.codegen.inline.InlineCodegen.performInline(InlineCodegen.kt:51)
	... 121 more


